[      30 ms] [main      ] SYSTEM_START       workload=workloads\jobs_standard.csv policy=priority workers=1 printer=1 database=2
[      32 ms] [main      ] SYSTEM             โหลดงานได้ 10 ชิ้น
[      46 ms] [generator ] JOB_ARRIVED        job=J01 priority=5 work=2500ms
[      48 ms] [worker-1  ] JOB_STARTED        job=J01 priority=5
[      51 ms] [monitor   ] MONITOR            ready=0 running=0 completed=0 printer=0/1 database=0/2
[     101 ms] [generator ] JOB_ARRIVED        job=J02 priority=5 work=2400ms resource=PRINTER(1200ms)
[     200 ms] [generator ] JOB_ARRIVED        job=J03 priority=5 work=2500ms
[     300 ms] [generator ] JOB_ARRIVED        job=J04 priority=5 work=2400ms resource=DATABASE(1000ms)
[     400 ms] [generator ] JOB_ARRIVED        job=J05 priority=5 work=2500ms resource=PRINTER(1200ms)
[     501 ms] [generator ] JOB_ARRIVED        job=J06 priority=4 work=2400ms resource=DATABASE(1000ms)
[    1000 ms] [generator ] JOB_ARRIVED        job=J07 priority=1 work=700ms resource=PRINTER(900ms)
[    1051 ms] [monitor   ] MONITOR            ready=6 running=1 completed=0 printer=0/1 database=0/2
[    1200 ms] [generator ] JOB_ARRIVED        job=J08 priority=1 work=600ms resource=PRINTER(900ms)
[    1401 ms] [generator ] JOB_ARRIVED        job=J09 priority=1 work=700ms resource=DATABASE(900ms)
[    1601 ms] [generator ] JOB_ARRIVED        job=J10 priority=2 work=600ms
[    1602 ms] [scheduler ] SYSTEM             scheduler dispatched 10 jobs, ready queue closed
[    2052 ms] [monitor   ] MONITOR            ready=9 running=1 completed=0 printer=0/1 database=0/2
[    2549 ms] [worker-1  ] WORK_FINISHED      job=J01
[    2550 ms] [worker-1  ] JOB_COMPLETED      job=J01
[    2550 ms] [worker-1  ] JOB_STARTED        job=J07 priority=1
[    3053 ms] [monitor   ] MONITOR            ready=8 running=1 completed=1 printer=0/1 database=0/2
[    3250 ms] [worker-1  ] WORK_FINISHED      job=J07
[    3252 ms] [worker-1  ] RESOURCE_WAIT      job=J07 resource=PRINTER
[    3256 ms] [worker-1  ] RESOURCE_ACQUIRED  job=J07 resource=PRINTER waited=3ms
[    4054 ms] [monitor   ] MONITOR            ready=8 running=1 completed=1 printer=1/1 database=0/2
[    4157 ms] [worker-1  ] RESOURCE_RELEASED  job=J07 resource=PRINTER
[    4157 ms] [worker-1  ] JOB_COMPLETED      job=J07
[    4158 ms] [worker-1  ] JOB_STARTED        job=J08 priority=1
[    4758 ms] [worker-1  ] WORK_FINISHED      job=J08
[    4758 ms] [worker-1  ] RESOURCE_WAIT      job=J08 resource=PRINTER
[    4758 ms] [worker-1  ] RESOURCE_ACQUIRED  job=J08 resource=PRINTER waited=0ms
[    5055 ms] [monitor   ] MONITOR            ready=7 running=1 completed=2 printer=1/1 database=0/2
[    5659 ms] [worker-1  ] RESOURCE_RELEASED  job=J08 resource=PRINTER
[    5659 ms] [worker-1  ] JOB_COMPLETED      job=J08
[    5659 ms] [worker-1  ] JOB_STARTED        job=J09 priority=1
[    6055 ms] [monitor   ] MONITOR            ready=6 running=1 completed=3 printer=0/1 database=0/2
[    6359 ms] [worker-1  ] WORK_FINISHED      job=J09
[    6360 ms] [worker-1  ] RESOURCE_WAIT      job=J09 resource=DATABASE
[    6360 ms] [worker-1  ] RESOURCE_ACQUIRED  job=J09 resource=DATABASE waited=0ms
[    7056 ms] [monitor   ] MONITOR            ready=6 running=1 completed=3 printer=0/1 database=1/2
[    7260 ms] [worker-1  ] RESOURCE_RELEASED  job=J09 resource=DATABASE
[    7260 ms] [worker-1  ] JOB_COMPLETED      job=J09
[    7260 ms] [worker-1  ] JOB_STARTED        job=J10 priority=2
[    7861 ms] [worker-1  ] WORK_FINISHED      job=J10
[    7861 ms] [worker-1  ] JOB_COMPLETED      job=J10
[    7861 ms] [worker-1  ] JOB_STARTED        job=J06 priority=4
[    8057 ms] [monitor   ] MONITOR            ready=4 running=1 completed=5 printer=0/1 database=0/2
[    9057 ms] [monitor   ] MONITOR            ready=4 running=1 completed=5 printer=0/1 database=0/2
[   10058 ms] [monitor   ] MONITOR            ready=4 running=1 completed=5 printer=0/1 database=0/2
[   10262 ms] [worker-1  ] WORK_FINISHED      job=J06
[   10262 ms] [worker-1  ] RESOURCE_WAIT      job=J06 resource=DATABASE
[   10262 ms] [worker-1  ] RESOURCE_ACQUIRED  job=J06 resource=DATABASE waited=0ms
[   11060 ms] [monitor   ] MONITOR            ready=4 running=1 completed=5 printer=0/1 database=1/2
[   11262 ms] [worker-1  ] RESOURCE_RELEASED  job=J06 resource=DATABASE
[   11263 ms] [worker-1  ] JOB_COMPLETED      job=J06
[   11263 ms] [worker-1  ] JOB_STARTED        job=J02 priority=5
[   12061 ms] [monitor   ] MONITOR            ready=3 running=1 completed=6 printer=0/1 database=0/2
[   13061 ms] [monitor   ] MONITOR            ready=3 running=1 completed=6 printer=0/1 database=0/2
[   13663 ms] [worker-1  ] WORK_FINISHED      job=J02
[   13664 ms] [worker-1  ] RESOURCE_WAIT      job=J02 resource=PRINTER
[   13664 ms] [worker-1  ] RESOURCE_ACQUIRED  job=J02 resource=PRINTER waited=1ms
[   14062 ms] [monitor   ] MONITOR            ready=3 running=1 completed=6 printer=1/1 database=0/2
[   14864 ms] [worker-1  ] RESOURCE_RELEASED  job=J02 resource=PRINTER
[   14864 ms] [worker-1  ] JOB_COMPLETED      job=J02
[   14864 ms] [worker-1  ] JOB_STARTED        job=J03 priority=5
[   15063 ms] [monitor   ] MONITOR            ready=2 running=1 completed=7 printer=0/1 database=0/2
[   16064 ms] [monitor   ] MONITOR            ready=2 running=1 completed=7 printer=0/1 database=0/2
[   17064 ms] [monitor   ] MONITOR            ready=2 running=1 completed=7 printer=0/1 database=0/2
[   17364 ms] [worker-1  ] WORK_FINISHED      job=J03
[   17364 ms] [worker-1  ] JOB_COMPLETED      job=J03
[   17364 ms] [worker-1  ] JOB_STARTED        job=J04 priority=5
[   18065 ms] [monitor   ] MONITOR            ready=1 running=1 completed=8 printer=0/1 database=0/2
[   19065 ms] [monitor   ] MONITOR            ready=1 running=1 completed=8 printer=0/1 database=0/2
[   19765 ms] [worker-1  ] WORK_FINISHED      job=J04
[   19765 ms] [worker-1  ] RESOURCE_WAIT      job=J04 resource=DATABASE
[   19765 ms] [worker-1  ] RESOURCE_ACQUIRED  job=J04 resource=DATABASE waited=0ms
[   20066 ms] [monitor   ] MONITOR            ready=1 running=1 completed=8 printer=0/1 database=1/2
[   20766 ms] [worker-1  ] RESOURCE_RELEASED  job=J04 resource=DATABASE
[   20766 ms] [worker-1  ] JOB_COMPLETED      job=J04
[   20766 ms] [worker-1  ] JOB_STARTED        job=J05 priority=5
[   21067 ms] [monitor   ] MONITOR            ready=0 running=1 completed=9 printer=0/1 database=0/2
[   22067 ms] [monitor   ] MONITOR            ready=0 running=1 completed=9 printer=0/1 database=0/2
[   23068 ms] [monitor   ] MONITOR            ready=0 running=1 completed=9 printer=0/1 database=0/2
[   23267 ms] [worker-1  ] WORK_FINISHED      job=J05
[   23267 ms] [worker-1  ] RESOURCE_WAIT      job=J05 resource=PRINTER
[   23267 ms] [worker-1  ] RESOURCE_ACQUIRED  job=J05 resource=PRINTER waited=0ms
[   24068 ms] [monitor   ] MONITOR            ready=0 running=1 completed=9 printer=1/1 database=0/2
[   24467 ms] [worker-1  ] RESOURCE_RELEASED  job=J05 resource=PRINTER
[   24467 ms] [worker-1  ] JOB_COMPLETED      job=J05

===== PER-JOB TABLE (ms) =====
job     pri      WT    work      RW   resMs     TAT     gap   start    done
J01       5       0    2500       0       0    2503       3      46    2549
J02       5   11162    2400       1    1200   14763       0   11263   14864
J03       5   14664    2500       0       0   17164       0   14864   17364
J04       5   17064    2400       0    1000   20466       2   17364   20766
J05       5   20366    2500       0    1200   24067       1   20766   24467
J06       4    7360    2400       0    1000   10762       2    7861   11263
J07       1    1550     700       3     900    3157       4    2550    4157
J08       1    2958     600       0     900    4459       1    4158    5659
J09       1    4258     700       0     900    5859       1    5659    7260
J10       2    5659     600       0       0    6260       1    7260    7861

===== SUMMARY =====
completed jobs      : 10/10
total time          : 24467 ms
avg Waiting Time    : 8504 ms
avg Turnaround Time : 10946 ms
avg Resource Wait   : 1 ms  (over 7 jobs using a resource)
Throughput          : 0.41 jobs/s
[   24471 ms] [main      ] SYSTEM_STOP        completed=10/10
